{
    "author": "Roberto Rodriguez (Cyb3rWard0g), OTR (Open Threat Research)",
    "date": "2020/06/24",
    "description": "Detects signs of potential use of the WSMAN provider from uncommon processes locally and remote execution.",
    "detection": {
        "commandline_null": {
            "CommandLine": [
                null
            ]
        },
        "condition": "(request_client or respond_server) and not 1 of filter* and not (svchost and commandline_null)",
        "filter_citrix": {
            "Image|startswith": [
                "C:\\Program Files\\Citrix\\"
            ]
        },
        "filter_general": {
            "Image|endswith": [
                "\\powershell.exe",
                "C:\\Windows\\System32\\sdiagnhost.exe",
                "C:\\Windows\\System32\\services.exe"
            ]
        },
        "filter_mscorsvw": {
            "Image|endswith": [
                "\\mscorsvw.exe"
            ],
            "Image|startswith": [
                "C:\\Windows\\Microsoft.NET\\Framework64\\v",
                "C:\\Windows\\Microsoft.NET\\Framework\\v"
            ]
        },
        "filter_nextron": {
            "Image|startswith": [
                "C:\\Windows\\Temp\\asgard2-agent\\"
            ]
        },
        "filter_ps_ise": {
            "Image|endswith": [
                "\\powershell_ise.exe"
            ]
        },
        "filter_svchost": {
            "CommandLine|contains": [
                "svchost.exe -k netsvcs -p -s BITS",
                "svchost.exe -k GraphicsPerfSvcGroup -s GraphicsPerfSvc",
                "svchost.exe -k NetworkService -p -s Wecsvc",
                "svchost.exe -k netsvcs"
            ]
        },
        "filter_svr_2019": {
            "Image": [
                "C:\\Windows\\System32\\Configure-SMRemoting.exe",
                "C:\\Windows\\System32\\ServerManager.exe"
            ]
        },
        "filter_upgrade": {
            "Image|startswith": [
                "C:\\$WINDOWS.~BT\\Sources\\"
            ]
        },
        "request_client": [
            {
                "ImageLoaded|endswith": [
                    "\\WsmSvc.dll",
                    "\\WsmAuto.dll",
                    "\\Microsoft.WSMan.Management.ni.dll"
                ]
            },
            {
                "OriginalFileName": [
                    "WsmSvc.dll",
                    "WSMANAUTOMATION.DLL",
                    "Microsoft.WSMan.Management.dll"
                ]
            }
        ],
        "respond_server": {
            "Image|endswith": [
                "\\svchost.exe"
            ],
            "OriginalFileName": [
                "WsmWmiPl.dll"
            ]
        },
        "svchost": {
            "Image|endswith": [
                "\\svchost.exe"
            ]
        }
    },
    "id": "ad1f4bb9-8dfb-4765-adb6-2a7cfb6c0f94",
    "logsource": {
        "category": "image_load",
        "product": "windows"
    },
    "modified": "2022/10/07",
    "status": "ad1f4bb9-8dfb-4765-adb6-2a7cfb6c0f94",
    "title": "Suspicious WSMAN Provider Image Loads"
}